
> huntaze-site@1.0.0 build
> node scripts/validate-env.js && next build

Warning: optional env vars not set: NEXT_PUBLIC_API_URL, NEXT_PUBLIC_APP_URL, NEXT_PUBLIC_GOOGLE_CLIENT_ID, NEXT_PUBLIC_GOOGLE_REDIRECT_URI, GOOGLE_CLIENT_SECRET, TIKTOK_CLIENT_KEY, TIKTOK_CLIENT_SECRET, NEXT_PUBLIC_TIKTOK_REDIRECT_URI, STRIPE_SECRET_KEY, STRIPE_WEBHOOK_SECRET
Warning: NEXT_PUBLIC_APP_URL not set. Using request origin for callbacks in dev.
   ▲ Next.js 15.5.6
   - Environments: .env.local, .env
   - Experiments (use with caution):
     ✓ optimizeCss

   Creating an optimized production build ...
 ⚠ Compiled with warnings in 10.1s

./app/api/auth/login/route.ts
Attempted import error: 'query' is not exported from '@/lib/db' (imported as 'query').

Import trace for requested module:
./app/api/auth/login/route.ts

./app/api/auth/login/route.ts
Attempted import error: 'query' is not exported from '@/lib/db' (imported as 'query').

Import trace for requested module:
./app/api/auth/login/route.ts

./app/api/auth/me/route.ts
Attempted import error: 'query' is not exported from '@/lib/db' (imported as 'query').

Import trace for requested module:
./app/api/auth/me/route.ts

./app/api/auth/register/route.ts
Attempted import error: 'query' is not exported from '@/lib/db' (imported as 'query').

Import trace for requested module:
./app/api/auth/register/route.ts

./app/api/auth/register/route.ts
Attempted import error: 'query' is not exported from '@/lib/db' (imported as 'query').

Import trace for requested module:
./app/api/auth/register/route.ts

./app/api/auth/register/route.ts
Attempted import error: 'query' is not exported from '@/lib/db' (imported as 'query').

Import trace for requested module:
./app/api/auth/register/route.ts

./app/api/auth/verify-email/route.ts
Attempted import error: 'query' is not exported from '@/lib/db' (imported as 'query').

Import trace for requested module:
./app/api/auth/verify-email/route.ts

./app/api/auth/verify-email/route.ts
Attempted import error: 'query' is not exported from '@/lib/db' (imported as 'query').

Import trace for requested module:
./app/api/auth/verify-email/route.ts

./app/api/content/import/csv/route.ts
Attempted import error: 'createContentItem' is not exported from '@/lib/db/repositories/contentItemsRepository' (imported as 'createContentItem').

Import trace for requested module:
./app/api/content/import/csv/route.ts

./app/api/content/import/url/route.ts
Attempted import error: 'createContentItem' is not exported from '@/lib/db/repositories/contentItemsRepository' (imported as 'createContentItem').

Import trace for requested module:
./app/api/content/import/url/route.ts

./app/api/content/variations/[id]/assign/route.ts
Attempted import error: 'query' is not exported from '@/lib/db' (imported as 'query').

Import trace for requested module:
./app/api/content/variations/[id]/assign/route.ts

./app/api/content/variations/[id]/assign/route.ts
Attempted import error: 'query' is not exported from '@/lib/db' (imported as 'query').

Import trace for requested module:
./app/api/content/variations/[id]/assign/route.ts

./app/api/content/variations/[id]/assign/route.ts
Attempted import error: 'query' is not exported from '@/lib/db' (imported as 'query').

Import trace for requested module:
./app/api/content/variations/[id]/assign/route.ts

./app/api/content/variations/[id]/assign/route.ts
Attempted import error: 'query' is not exported from '@/lib/db' (imported as 'query').

Import trace for requested module:
./app/api/content/variations/[id]/assign/route.ts

./app/api/content/variations/[id]/assign/route.ts
Attempted import error: 'query' is not exported from '@/lib/db' (imported as 'query').

Import trace for requested module:
./app/api/content/variations/[id]/assign/route.ts

./app/api/content/variations/[id]/stats/route.ts
Attempted import error: 'query' is not exported from '@/lib/db' (imported as 'query').

Import trace for requested module:
./app/api/content/variations/[id]/stats/route.ts

./app/api/content/variations/[id]/stats/route.ts
Attempted import error: 'query' is not exported from '@/lib/db' (imported as 'query').

Import trace for requested module:
./app/api/content/variations/[id]/stats/route.ts

./app/api/content/variations/[id]/track/route.ts
Attempted import error: 'query' is not exported from '@/lib/db' (imported as 'query').

Import trace for requested module:
./app/api/content/variations/[id]/track/route.ts

./app/api/content/variations/[id]/track/route.ts
Attempted import error: 'query' is not exported from '@/lib/db' (imported as 'query').

Import trace for requested module:
./app/api/content/variations/[id]/track/route.ts

./app/api/content/variations/[id]/track/route.ts
Attempted import error: 'query' is not exported from '@/lib/db' (imported as 'query').

Import trace for requested module:
./app/api/content/variations/[id]/track/route.ts

./lib/auth/tokens.ts
Attempted import error: 'query' is not exported from '@/lib/db' (imported as 'query').

Import trace for requested module:
./lib/auth/tokens.ts
./app/api/auth/register/route.ts

./lib/auth/tokens.ts
Attempted import error: 'query' is not exported from '@/lib/db' (imported as 'query').

Import trace for requested module:
./lib/auth/tokens.ts
./app/api/auth/register/route.ts

./lib/auth/tokens.ts
Attempted import error: 'query' is not exported from '@/lib/db' (imported as 'query').

Import trace for requested module:
./lib/auth/tokens.ts
./app/api/auth/register/route.ts

   Skipping validation of types
   Skipping linting
   Collecting page data ...
   Generating static pages (0/277) ...
   Generating static pages (69/277) 
   Generating static pages (138/277) 
   Generating static pages (207/277) 
 ✓ Generating static pages (277/277)
   Finalizing page optimization ...
   Collecting build traces ...
 ⚠ Failed to copy traced files for /Users/765h/Huntaze/.next/server/app/(landing)/page.js [Error: ENOENT: no such file or directory, copyfile '/Users/765h/Huntaze/.next/server/app/(landing)/page_client-reference-manifest.js' -> '/Users/765h/Huntaze/.next/standalone/.next/server/app/(landing)/page_client-reference-manifest.js'] {
  errno: -2,
  code: 'ENOENT',
  syscall: 'copyfile',
  path: '/Users/765h/Huntaze/.next/server/app/(landing)/page_client-reference-manifest.js',
  dest: '/Users/765h/Huntaze/.next/standalone/.next/server/app/(landing)/page_client-reference-manifest.js'
}

Route (app)                                  Size  First Load JS
┌ ○ /                                     13.1 kB         167 kB
├ ○ /_not-found                             622 B         102 kB
├ ○ /about                                  622 B         102 kB
├ ○ /agency-comparison                    3.19 kB         149 kB
├ ○ /ai-images-comparison                 3.67 kB         109 kB
├ ○ /ai-technology                        3.69 kB         109 kB
├ ƒ /ai/assistant                         12.7 kB         115 kB
├ ○ /ai/training                           2.2 kB         107 kB
├ ○ /analytics                            13.1 kB         120 kB
├ ○ /analytics/advanced                   2.53 kB         104 kB
├ ƒ /api/admin/outbox/dispatch              622 B         102 kB
├ ƒ /api/agents/[...path]                   622 B         102 kB
├ ƒ /api/ai-team/events/stream              622 B         102 kB
├ ƒ /api/ai-team/plan/[id]                  622 B         102 kB
├ ƒ /api/ai-team/publish                    622 B         102 kB
├ ƒ /api/ai-team/schedule/plan              622 B         102 kB
├ ƒ /api/ai-team/schedule/plan/azure        622 B         102 kB
├ ƒ /api/ai/agents                          622 B         102 kB
├ ƒ /api/ai/azure/smoke                     622 B         102 kB
├ ƒ /api/ai/config                          622 B         102 kB
├ ƒ /api/ai/hooks                           622 B         102 kB
├ ƒ /api/ai/quick-replies                   622 B         102 kB
├ ƒ /api/analytics/ai/summary               622 B         102 kB
├ ƒ /api/analytics/ai/summary/run           622 B         102 kB
├ ƒ /api/analytics/alerts-count             622 B         102 kB
├ ƒ /api/analytics/audience                 622 B         102 kB
├ ƒ /api/analytics/content                  622 B         102 kB
├ ƒ /api/analytics/overview                 622 B         102 kB
├ ƒ /api/analytics/platform/[platform]      622 B         102 kB
├ ƒ /api/analytics/top-hours                622 B         102 kB
├ ƒ /api/analytics/trends                   622 B         102 kB
├ ƒ /api/auth/check-onboarding              622 B         102 kB
├ ƒ /api/auth/google                        622 B         102 kB
├ ƒ /api/auth/instagram                     622 B         102 kB
├ ƒ /api/auth/instagram/callback            622 B         102 kB
├ ƒ /api/auth/login                         622 B         102 kB
├ ƒ /api/auth/logout                        622 B         102 kB
├ ƒ /api/auth/me                            622 B         102 kB
├ ƒ /api/auth/onlyfans                      622 B         102 kB
├ ƒ /api/auth/reddit                        622 B         102 kB
├ ƒ /api/auth/reddit/callback               622 B         102 kB
├ ƒ /api/auth/refresh                       622 B         102 kB
├ ƒ /api/auth/register                      622 B         102 kB
├ ƒ /api/auth/signin                        622 B         102 kB
├ ƒ /api/auth/signup                        622 B         102 kB
├ ƒ /api/auth/threads/callback              622 B         102 kB
├ ƒ /api/auth/tiktok                        622 B         102 kB
├ ƒ /api/auth/tiktok/callback               622 B         102 kB
├ ƒ /api/auth/verify                        622 B         102 kB
├ ƒ /api/auth/verify-email                  622 B         102 kB
├ ƒ /api/billing/calculate-commission       622 B         102 kB
├ ƒ /api/billing/checkout                   622 B         102 kB
├ ƒ /api/billing/commission/meter           622 B         102 kB
├ ƒ /api/billing/connect/checkout           622 B         102 kB
├ ƒ /api/billing/message-packs/checkout     622 B         102 kB
├ ƒ /api/billing/stripe/webhook             622 B         102 kB
├ ƒ /api/bypass-onboarding                  622 B         102 kB
├ ƒ /api/chatbot/chat                       622 B         102 kB
├ ƒ /api/cin/chat                           622 B         102 kB
├ ƒ /api/cin/status                         622 B         102 kB
├ ƒ /api/content/ai/suggestions             622 B         102 kB
├ ƒ /api/content/batch                      622 B         102 kB
├ ƒ /api/content/categories                 622 B         102 kB
├ ƒ /api/content/drafts                     622 B         102 kB
├ ƒ /api/content/import/csv                 622 B         102 kB
├ ƒ /api/content/import/url                 622 B         102 kB
├ ƒ /api/content/media                      622 B         102 kB
├ ƒ /api/content/media/[id]                 622 B         102 kB
├ ƒ /api/content/media/[id]/edit            622 B         102 kB
├ ƒ /api/content/media/[id]/edit-video      622 B         102 kB
├ ƒ /api/content/media/upload               622 B         102 kB
├ ƒ /api/content/metrics                    622 B         102 kB
├ ƒ /api/content/metrics/export             622 B         102 kB
├ ƒ /api/content/moderate                   622 B         102 kB
├ ƒ /api/content/optimize                   622 B         102 kB
├ ƒ /api/content/optimize/image             622 B         102 kB
├ ƒ /api/content/preview                    622 B         102 kB
├ ƒ /api/content/schedule                   622 B         102 kB
├ ƒ /api/content/schedule/[id]              622 B         102 kB
├ ƒ /api/content/tags                       622 B         102 kB
├ ƒ /api/content/tags/analytics             622 B         102 kB
├ ƒ /api/content/tags/suggestions           622 B         102 kB
├ ƒ /api/content/templates                  622 B         102 kB
├ ƒ /api/content/templates/[id]/use         622 B         102 kB
├ ƒ /api/content/variations                 622 B         102 kB
├ ƒ /api/content/variations/[id]            622 B         102 kB
├ ƒ /api/content/variations/[id]/assign     622 B         102 kB
├ ƒ /api/content/variations/[id]/stats      622 B         102 kB
├ ƒ /api/content/variations/[id]/track      622 B         102 kB
├ ƒ /api/crm/connect/[provider]             622 B         102 kB
├ ƒ /api/crm/conversations                  622 B         102 kB
├ ƒ /api/crm/conversations/[id]             622 B         102 kB
├ ƒ /api/crm/conversations/[id]/messages    622 B         102 kB
├ ƒ /api/crm/conversations/[id]/typing      622 B         102 kB
├ ƒ /api/crm/fans                           622 B         102 kB
├ ƒ /api/crm/fans/[id]                      622 B         102 kB
├ ƒ /api/crm/providers                      622 B         102 kB
├ ƒ /api/crm/webhooks/[provider]            622 B         102 kB
├ ƒ /api/cron/insights-scheduler            622 B         102 kB
├ ƒ /api/cron/instagram-insights            622 B         102 kB
├ ƒ /api/cron/monthly-billing               622 B         102 kB
├ ƒ /api/cron/tiktok-insights               622 B         102 kB
├ ƒ /api/cron/tiktok-status                 622 B         102 kB
├ ƒ /api/cron/twitter-insights              622 B         102 kB
├ ƒ /api/debug-tiktok                       622 B         102 kB
├ ƒ /api/debug/email                        622 B         102 kB
├ ƒ /api/debug/env                          622 B         102 kB
├ ƒ /api/debug/instagram-track              622 B         102 kB
├ ƒ /api/debug/screenshot                   622 B         102 kB
├ ƒ /api/debug/tiktok-events                622 B         102 kB
├ ƒ /api/debug/tiktok-track                 622 B         102 kB
├ ƒ /api/debug/twitter-track                622 B         102 kB
├ ƒ /api/dev/bypass-auth                    622 B         102 kB
├ ƒ /api/discovery/trends                   622 B         102 kB
├ ƒ /api/eventbridge/commission             622 B         102 kB
├ ƒ /api/eventbridge/stripe                 622 B         102 kB
├ ƒ /api/events                             622 B         102 kB
├ ƒ /api/fans/new-count                     622 B         102 kB
├ ƒ /api/force-complete-onboarding          622 B         102 kB
├ ƒ /api/health                             622 B         102 kB
├ ƒ /api/instagram/publish                  622 B         102 kB
├ ƒ /api/integrations/onlyfans/status       622 B         102 kB
├ ƒ /api/kpi/activation                     622 B         102 kB
├ ƒ /api/messages/[id]/read                 622 B         102 kB
├ ƒ /api/messages/bulk                      622 B         102 kB
├ ƒ /api/messages/reply                     622 B         102 kB
├ ƒ /api/messages/unread-count              622 B         102 kB
├ ƒ /api/metrics                            622 B         102 kB
├ ƒ /api/metrics/monthly                    622 B         102 kB
├ ƒ /api/monitoring/alerts                  622 B         102 kB
├ ƒ /api/monitoring/metrics                 622 B         102 kB
├ ƒ /api/monitoring/onlyfans                622 B         102 kB
├ ƒ /api/of-messages/status                 622 B         102 kB
├ ƒ /api/of/campaigns                       622 B         102 kB
├ ƒ /api/of/campaigns/[id]                  622 B         102 kB
├ ƒ /api/of/campaigns/[id]/[action]         622 B         102 kB
├ ƒ /api/of/export-cookies                  622 B         102 kB
├ ƒ /api/of/inbox                           622 B         102 kB
├ ƒ /api/of/send                            622 B         102 kB
├ ƒ /api/of/threads/[id]                    622 B         102 kB
├ ƒ /api/ofm/ai/draft                       622 B         102 kB
├ ƒ /api/ofm/rfm/calculate                  622 B         102 kB
├ ƒ /api/ofm/rfm/recompute                  622 B         102 kB
├ ƒ /api/onboarding                         622 B         102 kB
├ ƒ /api/onboarding/complete                622 B         102 kB
├ ƒ /api/onboarding/connect-platform        622 B         102 kB
├ ƒ /api/onboarding/mock-ingest             622 B         102 kB
├ ƒ /api/onboarding/save-ab-tests           622 B         102 kB
├ ƒ /api/onboarding/save-ai-config          622 B         102 kB
├ ƒ /api/onboarding/save-playbook-draft     622 B         102 kB
├ ƒ /api/onboarding/save-profile            622 B         102 kB
├ ƒ /api/onlyfans/ai/suggestions            622 B         102 kB
├ ƒ /api/onlyfans/import/csv                622 B         102 kB
├ ƒ /api/onlyfans/messaging/[id]/retry      622 B         102 kB
├ ƒ /api/onlyfans/messaging/failed          622 B         102 kB
├ ƒ /api/onlyfans/messaging/send            622 B         102 kB
├ ƒ /api/onlyfans/messaging/status          622 B         102 kB
├ ƒ /api/onlyfans/messaging/test            622 B         102 kB
├ ƒ /api/ops/costs                          622 B         102 kB
├ ƒ /api/ops/costs/rollup                   622 B         102 kB
├ ƒ /api/platforms/instagram/connected      622 B         102 kB
├ ƒ /api/platforms/onlyfans/connect         622 B         102 kB
├ ƒ /api/platforms/reddit/connected         622 B         102 kB
├ ƒ /api/platforms/status                   622 B         102 kB
├ ƒ /api/reddit/publish                     622 B         102 kB
├ ƒ /api/repost/click                       622 B         102 kB
├ ƒ /api/repost/import                      622 B         102 kB
├ ƒ /api/repost/import-csv                  622 B         102 kB
├ ƒ /api/repost/import-of-zip               622 B         102 kB
├ ƒ /api/repost/items/[id]/schedule         622 B         102 kB
├ ƒ /api/repost/plan                        622 B         102 kB
├ ƒ /api/repost/suggestions                 622 B         102 kB
├ ƒ /api/roadmap/proposals                  622 B         102 kB
├ ƒ /api/roadmap/proposals/[id]/vote        622 B         102 kB
├ ƒ /api/schedule                           622 B         102 kB
├ ƒ /api/schedule/[id]                      622 B         102 kB
├ ƒ /api/schedule/recommendations           622 B         102 kB
├ ƒ /api/subscriptions/create-checkout      622 B         102 kB
├ ƒ /api/subscriptions/webhook              622 B         102 kB
├ ƒ /api/tiktok/disconnect                  622 B         102 kB
├ ƒ /api/tiktok/status/[publishId]          622 B         102 kB
├ ƒ /api/tiktok/test-auth                   622 B         102 kB
├ ƒ /api/tiktok/test-sandbox                622 B         102 kB
├ ƒ /api/tiktok/upload                      622 B         102 kB
├ ƒ /api/tiktok/user                        622 B         102 kB
├ ƒ /api/tracking/create-batch              622 B         102 kB
├ ƒ /api/uploads                            622 B         102 kB
├ ƒ /api/users/onboarding-status            622 B         102 kB
├ ƒ /api/users/profile                      622 B         102 kB
├ ƒ /api/waitlist                           622 B         102 kB
├ ƒ /api/waitlist/onlyfans                  622 B         102 kB
├ ƒ /api/webhooks/instagram                 622 B         102 kB
├ ƒ /api/webhooks/stripe                    622 B         102 kB
├ ƒ /api/webhooks/tiktok                    622 B         102 kB
├ ƒ /api/workers/alert-checker              622 B         102 kB
├ ƒ /api/workers/analytics-snapshot         622 B         102 kB
├ ƒ /api/workers/content-scheduling         622 B         102 kB
├ ƒ /api/workers/instagram-insights         622 B         102 kB
├ ƒ /api/workers/token-refresh              622 B         102 kB
├ ƒ /api/workers/webhooks                   622 B         102 kB
├ ○ /app-preview                          2.23 kB         144 kB
├ ○ /auth/login                           1.21 kB         106 kB
├ ○ /auth/register                        1.23 kB         106 kB
├ ○ /auth/verify-email                    1.99 kB         104 kB
├ ○ /automations                          3.51 kB         109 kB
├ ○ /billing                              4.38 kB         110 kB
├ ○ /billing/packs                          906 B         103 kB
├ ○ /blog                                 3.04 kB         159 kB
├ ○ /business                               191 B         105 kB
├ ○ /campaigns                            9.14 kB         116 kB
├ ○ /campaigns/new                        1.96 kB         107 kB
├ ○ /careers                              3.38 kB         160 kB
├ ○ /case-studies                         2.81 kB         151 kB
├ ○ /chatbot                              2.98 kB         105 kB
├ ○ /chatting                               191 B         105 kB
├ ○ /check-tiktok-cookies                 1.11 kB         103 kB
├ ○ /complete-onboarding                    755 B         103 kB
├ ○ /configure                            2.57 kB         108 kB
├ ○ /content/moderation                   2.08 kB         107 kB
├ ○ /dashboard                            74.6 kB         228 kB
├ ○ /dashboard/huntaze-ai                 4.07 kB         106 kB
├ ○ /dashboard/of                         3.81 kB         109 kB
├ ○ /dashboard/onlyfans                     622 B         102 kB
├ ○ /data-deletion                          191 B         105 kB
├ ○ /debug                                  622 B         102 kB
├ ○ /debug-tiktok                           900 B         103 kB
├ ○ /debug-tiktok-connection              1.36 kB         103 kB
├ ○ /debug/email                          1.33 kB         103 kB
├ ƒ /debug/screenshot                       622 B         102 kB
├ ƒ /debug/tiktok-events                  1.13 kB         103 kB
├ ○ /demo                                 4.76 kB         150 kB
├ ○ /demo-dark                            2.41 kB         152 kB
├ ○ /demo-simple                            622 B         102 kB
├ ○ /demo/bottom-nav                      2.49 kB         108 kB
├ ○ /demo/button-interactions             2.56 kB         145 kB
├ ○ /demo/list-stagger                    2.88 kB         148 kB
├ ○ /demo/mobile-forms                    3.65 kB         146 kB
├ ○ /demo/modal-animations                6.43 kB         152 kB
├ ○ /demo/modals                          5.04 kB         147 kB
├ ○ /demo/page-transitions                2.88 kB         145 kB
├ ○ /demo/reduced-motion                  3.21 kB         149 kB
├ ○ /demo/responsive-table                 1.5 kB         103 kB
├ ○ /demo/scroll-reveal                   4.29 kB         150 kB
├ ○ /demo/skeleton                        3.07 kB         115 kB
├ ○ /demo/swipe-gestures                  4.02 kB         106 kB
├ ○ /demo/touch-targets                   2.45 kB         145 kB
├ ○ /design-system                          622 B         102 kB
├ ○ /dev/format-bytes-test                1.16 kB         110 kB
├ ○ /enterprise                           7.24 kB         160 kB
├ ○ /fans                                 6.34 kB         152 kB
├ ○ /fans/import                          1.37 kB         103 kB
├ ○ /features                             4.48 kB         150 kB
├ ○ /features/ai-chat                     7.81 kB         153 kB
├ ○ /features/analytics                   2.38 kB         152 kB
├ ○ /features/automation                  4.13 kB         150 kB
├ ○ /features/content-scheduler           4.84 kB         155 kB
├ ○ /features/dashboard                    2.9 kB         153 kB
├ ○ /features/onlyfans                     3.7 kB         109 kB
├ ○ /flows                                  622 B         102 kB
├ ○ /for-agencies                         3.63 kB         152 kB
├ ○ /for-everyone                         2.43 kB         152 kB
├ ○ /for-instagram-creators               3.35 kB         152 kB
├ ○ /for-tiktok-creators                  3.33 kB         152 kB
├ ○ /how-it-works                            3 kB         151 kB
├ ○ /integrations                         2.49 kB         110 kB
├ ○ /join                                   369 B         102 kB
├ ○ /learn                                  622 B         102 kB
├ ○ /manage-business                      2.54 kB         152 kB
├ ○ /marketing                              191 B         105 kB
├ ○ /menu                                 3.94 kB         109 kB
├ ○ /messages                             8.84 kB         156 kB
├ ƒ /messages/[conversationId]            5.25 kB         114 kB
├ ○ /messages/bulk                        1.99 kB         107 kB
├ ○ /messages/onlyfans                    4.12 kB         109 kB
├ ○ /messages/onlyfans-crm                3.45 kB         113 kB
├ ○ /mockup-demo                          12.9 kB         158 kB
├ ○ /monitoring                           1.77 kB         104 kB
├ ○ /of-analytics                         5.26 kB         107 kB
├ ○ /of-connect                            135 kB         237 kB
├ ○ /of-messages                          8.85 kB         159 kB
├ ○ /onboarding                            8.1 kB         150 kB
├ ○ /onboarding-v2                        2.66 kB         104 kB
├ ○ /onboarding/optimize                  3.08 kB         111 kB
├ ○ /onboarding/setup                     27.3 kB         142 kB
├ ○ /ops/costs                            1.12 kB         103 kB
├ ○ /page-2                                 191 B         105 kB
├ ○ /performance                          2.89 kB         153 kB
├ ○ /platform                             1.84 kB         151 kB
├ ○ /platforms/connect                    2.71 kB         113 kB
├ ○ /platforms/connect/instagram          2.64 kB         104 kB
├ ○ /platforms/connect/onlyfans           1.27 kB         106 kB
├ ○ /platforms/connect/reddit             2.72 kB         105 kB
├ ○ /platforms/import/onlyfans            3.19 kB         105 kB
├ ○ /platforms/onlyfans/analytics          2.5 kB         115 kB
├ ○ /platforms/reddit/publish             2.82 kB         105 kB
├ ○ /platforms/tiktok/upload              4.11 kB         109 kB
├ ƒ /preview/[token]                        622 B         102 kB
├ ○ /privacy                                191 B         105 kB
├ ○ /privacy-policy                         622 B         102 kB
├ ○ /profile                              2.81 kB         148 kB
├ ƒ /r                                      622 B         102 kB
├ ƒ /r/[code]                               622 B         102 kB
├ ○ /repost                                1.7 kB         103 kB
├ ○ /revenue-demo                          1.9 kB         144 kB
├ ○ /roadmap                              1.04 kB         106 kB
├ ○ /robots.txt                             622 B         102 kB
├ ○ /schedule                             1.61 kB         103 kB
├ ○ /scheduled                            1.21 kB         103 kB
├ ○ /security                             3.67 kB         157 kB
├ ○ /sitemap.xml                            622 B         102 kB
├ ○ /skip-onboarding                        797 B         103 kB
├ ○ /social/tiktok/upload                 3.21 kB         108 kB
├ ○ /status                                 622 B         102 kB
├ ○ /terms                                  191 B         105 kB
├ ○ /terms-of-service                       622 B         102 kB
├ ○ /test-auth-route                        942 B         103 kB
├ ○ /test-basic                             622 B         102 kB
├ ○ /test-demo                              456 B         102 kB
├ ○ /test-design                          2.66 kB         104 kB
├ ○ /test-env                               926 B         103 kB
├ ○ /test-mockup                            902 B         103 kB
├ ○ /test-neon                              864 B         103 kB
├ ○ /test-oauth-route                     1.08 kB         103 kB
├ ○ /test-page                              622 B         102 kB
├ ○ /test-pricing-flow                      975 B         106 kB
├ ○ /test-shadow                          1.48 kB         103 kB
├ ○ /test-tiktok                            191 B         105 kB
├ ○ /test-tiktok-button                     959 B         106 kB
├ ○ /test-tiktok-direct                   1.03 kB         103 kB
├ ○ /test-tiktok-final                    1.32 kB         103 kB
├ ○ /test-tiktok-prod                     1.06 kB         103 kB
├ ○ /test-tiktok-production                 905 B         103 kB
├ ○ /test-tiktok-sandbox                  2.93 kB         105 kB
├ ○ /test-tiktok-url                        944 B         103 kB
├ ○ /tiktok-debug-complete                 1.9 kB         104 kB
├ ○ /tiktok-developers-site-verification    622 B         102 kB
├ ○ /tiktok-diagnostic                     1.9 kB         104 kB
├ ○ /use-cases                            2.96 kB         159 kB
└ ○ /why-huntaze                          3.91 kB         109 kB
+ First Load JS shared by all              102 kB
  ├ chunks/1255-f04e7a26e145c577.js       45.5 kB
  ├ chunks/4bd1b696-100b9d70ed4e49c1.js   54.2 kB
  └ other shared chunks (total)            2.1 kB


ƒ Middleware                              54.5 kB

○  (Static)   prerendered as static content
ƒ  (Dynamic)  server-rendered on demand

